[INFO] Python executable: /Library/Frameworks/Python.framework/Versions/3.12/bin/python3
[INFO] Python version: 3.12.2
[INFO] Working directory: /Users/shaydu/dev/mondrian-macos
[INFO] Environment variables:
[INFO]   MLX_USE_CPU=<not set>
[INFO]   CUDA_VISIBLE_DEVICES=<not set>
[INFO]   PYTORCH_ENABLE_MPS_FALLBACK=<not set>
[INFO] MLX default device explicitly set to: Device(gpu, 0)
[INFO] MLX configured to use GPU backend (Metal)
[INFO] MLX backend initialized successfully (GPU mode)
[INFO] AI Advisor Service v2.0-JSON starting...
[INFO] Using JSON output format (converted to HTML for backward compatibility)
[INFO] Using base64 encoding for all images
[INFO] Using MLX backend for vision analysis
[INFO] MLX Mode: ENABLED
[INFO] MLX Model: mlx-community/Qwen3-VL-4B-Instruct-4bit
[INFO] Model timeout: 300s
[INFO] RAG Service URL: http://127.0.0.1:5400
[INFO] RAG Default: ENABLED (from RAG_ENABLED env var)
[INFO] System prompt loaded from database (2751 characters)
AI Advisor Service starting up...
  Port: 5100
  DB Path: /Users/shaydu/dev/mondrian-macos/mondrian/mondrian.db
  MLX Model: mlx-community/Qwen3-VL-4B-Instruct-4bit
  Job service URL: http://127.0.0.1:5005
  Current working directory: /Users/shaydu/dev/mondrian-macos
  Image Encoding: BASE64 (all platforms)
[INFO] Initializing service with model_mode=base
[INFO] Model Strategy: BASE (no fine-tuning)
[INFO] Loading MLX model: mlx-community/Qwen3-VL-4B-Instruct-4bit...
[INFO] Testing Metal GPU access...
[INFO] âœ“ Metal GPU is available and working
Fetching 14 files:   0%|          | 0/14 [00:00<?, ?it/s]Fetching 14 files: 100%|â–ˆâ–ˆâ–ˆâ–ˆâ–ˆâ–ˆâ–ˆâ–ˆâ–ˆâ–ˆ| 14/14 [00:00<00:00, 199728.76it/s]
[INFO] MLX model loaded in 4.54s using GPU backend and cached
[INFO] MLX default device: Device(gpu, 0)
[INFO] âœ“ GPU acceleration confirmed active
[INFO] Service initialized successfully. Fine-tuned: False
[INFO] Model Strategy: base
[INFO] Fine-Tuned: False
[INFO] Service ready on http://0.0.0.0:5100
AI Advisor Service running on port 5100...
 * Serving Flask app 'ai_advisor_service'
 * Debug mode: off
[31m[1mWARNING: This is a development server. Do not use it in a production deployment. Use a production WSGI server instead.[0m
 * Running on all addresses (0.0.0.0)
 * Running on http://127.0.0.1:5100
 * Running on http://10.0.0.131:5100
[33mPress CTRL+C to quit[0m
127.0.0.1 - - [14/Jan/2026 16:31:25] "GET /model-status HTTP/1.1" 200 -
127.0.0.1 - - [14/Jan/2026 16:31:25] "GET /health HTTP/1.1" 200 -
127.0.0.1 - - [14/Jan/2026 16:31:25] "GET /health HTTP/1.1" 200 -
[DEBUG] === AI ADVISOR SERVICE REQUEST START ===
[DEBUG] Timestamp: 1768433488.842453
[DEBUG] Received analyze request
[DEBUG] Content-Type: multipart/form-data; boundary=91a9e992e2d10f887cbfcc87d9d59fd7
[DEBUG] Request method: POST
[DEBUG] Processing multipart form data
[iOS DEBUG] MONDRIAN_API_BASE_URL not provided in request - will use job_service_url fallback
[AI SERVICE] enable_rag from request: 'true' â†’ True
[AI SERVICE] enable_embeddings not in request, using env var default: False
[AI SERVICE] Mode parameter from request: 'rag'
[AI SERVICE] âœ“ Final mode value: rag
[AI SERVICE] âœ“ Received request - advisor: ansel, job_id: 3bc721d5-2a10-4c4a-b1d2-b92ba3bd0a97, mode: rag, enable_rag: True, enable_embeddings: False
[AI SERVICE] Full form data - job_service_url: http://10.0.0.131:5005
[AI SERVICE] Response format: html
[DEBUG] Image file - filename: photo-91681120-C614-423C-A54D-549039A3CA7E-5e9515e7.jpg
[DEBUG] Saving image to temp path: /var/folders/px/96clcbr56vv3kyv2vzvblhqh0000gn/T/analyze_image_3bc721d5-2a10-4c4a-b1d2-b92ba3bd0a97.jpg
[DEBUG] Image saved successfully, size: 0 bytes
[INFO] Analysis using model_mode=base, fine_tuned=False
[STRATEGY] Starting rag analysis for advisor: ansel
[STRATEGY] Image: /var/folders/px/96clcbr56vv3kyv2vzvblhqh0000gn/T/analyze_image_3bc721d5-2a10-4c4a-b1d2-b92ba3bd0a97.jpg
[STRATEGY] Job ID: 3bc721d5-2a10-4c4a-b1d2-b92ba3bd0a97
[Context] Using requested mode: rag
[STRATEGY] Executing analysis with rag strategy...
[INFO] Python executable: /Library/Frameworks/Python.framework/Versions/3.12/bin/python3
[INFO] Python version: 3.12.2
[INFO] Working directory: /Users/shaydu/dev/mondrian-macos
[INFO] Environment variables:
[INFO]   MLX_USE_CPU=<not set>
[INFO]   CUDA_VISIBLE_DEVICES=<not set>
[INFO]   PYTORCH_ENABLE_MPS_FALLBACK=<not set>
[INFO] MLX default device explicitly set to: Device(gpu, 0)
[INFO] MLX configured to use GPU backend (Metal)
[INFO] MLX backend initialized successfully (GPU mode)
[INFO] AI Advisor Service v2.0-JSON starting...
[INFO] Using JSON output format (converted to HTML for backward compatibility)
[INFO] Using base64 encoding for all images
[INFO] Using MLX backend for vision analysis
[INFO] MLX Mode: ENABLED
[INFO] MLX Model: mlx-community/Qwen3-VL-4B-Instruct-4bit
[INFO] Model timeout: 300s
[INFO] RAG Service URL: http://127.0.0.1:5400
[INFO] RAG Default: ENABLED (from RAG_ENABLED env var)
[INFO] System prompt loaded from database (2751 characters)
[DEBUG] get_advisor_from_db called with db_path=/Users/shaydu/dev/mondrian-macos/mondrian/mondrian.db, advisor_id=ansel
[DEBUG] raw row fetched for advisor_id=ansel: ('ansel', 'Ansel Adams', 'Ansel Adams (1902-1984) was an American landscape photographer and environmentalist known for his black-and-white images of the American West, especially Yosemite National Park. He helped found the photography group f/64, developed the Zone System for achieving perfect exposure and tonal range, and was a pioneering advocate for environmental conservation through his art.', '1902-1984', "You are Ansel Adams, master of black-and-white landscape photography. You revolutionized photography through your Zone System, which gave photographers unprecedented control over exposure and tonal range.\n\nYour approach to evaluating an image:\n\n1. **Tonal Range & Zone System** - Analyze the full spectrum from Zone 0 (pure black) to Zone X (pure white). Look for:\n   - Rich blacks with detail in shadows (Zones II-III)\n   - Pure whites that aren't blown out (Zone VIII-IX)\n   - Full midtone gradation (Zones IV-VI)\n   - Proper exposure that preserves detail across the entire tonal range\n\n2. **Composition & Perspective** - Examine the geometric structure:\n   - Leading lines that draw the eye through the frame\n   - Rule of thirds and golden ratio placement\n   - Foreground, midground, and background layering\n   - Balance between elements\n   - Use of natural frames\n\n3. **Technical Excellence** - Assess the craft:\n   - Critical sharpness and focus (f/64 philosophy)\n   - Depth of field appropriate to the subject\n   - Proper exposure (not too dark, not too light)\n   - Clean, well-printed negative equivalent\n\n4. **Light & Shadow** - Evaluate the interplay:\n   - Direction and quality of light\n   - Dramatic use of shadows to create depth\n   - Texture revealed through sidelight\n   - Time of day considerations (golden hour, blue hour)\n\n5. **Emotional Impact** - Consider the feeling:\n   - Sense of scale and majesty\n   - Connection to the natural world\n   - Drama and atmosphere\n   - Timeless quality\n\nWhen providing feedback, be specific and constructive. Reference the Zone System and technical aspects while also addressing the emotional impact. Encourage the photographer to see beyond the literal and capture the feeling of being present in that moment.", '[{"title": "Tonal Range & Zone System", "description": "Master of the full spectrum from pure black to pure white, using his Zone System to achieve perfect exposure and tonal gradation in every image."}, {"title": "Composition & Perspective", "description": "Precise framing that emphasizes geometric elements, leading lines, and careful positioning to create powerful visual impact."}, {"title": "Technical Excellence", "description": "Perfect sharpness, focus, and exposure achieved through large-format cameras and meticulous darkroom work."}, {"title": "Landscape Drama", "description": "Captures the majesty and drama of natural landscapes with emphasis on light, shadow, and texture."}]', 'Photographer', 'https://en.wikipedia.org/wiki/Ansel_Adams', 'https://commons.wikimedia.org/wiki/Category:Ansel_Adams', 'baseline') (cols: ['id', 'name', 'bio', 'years', 'prompt', 'focus_areas', 'category', 'wikipedia_url', 'commons_url', 'prompt_type'])
[DEBUG] Sending thinking update to http://10.0.0.131:5005/job/3bc721d5-2a10-4c4a-b1d2-b92ba3bd0a97/thinking
[DEBUG] Thinking update sent successfully
[DEBUG] Sending thinking update to http://10.0.0.131:5005/job/3bc721d5-2a10-4c4a-b1d2-b92ba3bd0a97/thinking
[DEBUG] Thinking update sent successfully
[DEBUG] === STARTING MLX PYTHON API CALL ===
[DEBUG] MLX Model: mlx-community/Qwen3-VL-4B-Instruct-4bit
[DEBUG] Image path: /var/folders/px/96clcbr56vv3kyv2vzvblhqh0000gn/T/analyze_image_3bc721d5-2a10-4c4a-b1d2-b92ba3bd0a97.jpg
[DEBUG] Prompt length: 4545 chars
[INFO] Loading MLX model: mlx-community/Qwen3-VL-4B-Instruct-4bit...
[INFO] Testing Metal GPU access...
[INFO] âœ“ Metal GPU is available and working
Fetching 14 files:   0%|          | 0/14 [00:00<?, ?it/s]Fetching 14 files: 100%|â–ˆâ–ˆâ–ˆâ–ˆâ–ˆâ–ˆâ–ˆâ–ˆâ–ˆâ–ˆ| 14/14 [00:00<00:00, 23928.38it/s]
127.0.0.1 - - [14/Jan/2026 16:31:30] "GET /health HTTP/1.1" 200 -
[INFO] MLX model loaded in 3.73s using GPU backend and cached
[INFO] MLX default device: Device(gpu, 0)
[INFO] âœ“ GPU acceleration confirmed active
Fetching 14 files:   0%|          | 0/14 [00:00<?, ?it/s]Fetching 14 files: 100%|â–ˆâ–ˆâ–ˆâ–ˆâ–ˆâ–ˆâ–ˆâ–ˆâ–ˆâ–ˆ| 14/14 [00:00<00:00, 129625.29it/s]
[INFO] Processing with image: /var/folders/px/96clcbr56vv3kyv2vzvblhqh0000gn/T/analyze_image_3bc721d5-2a10-4c4a-b1d2-b92ba3bd0a97.jpg
[ERROR] MLX inference failed: Failed to load image from /var/folders/px/96clcbr56vv3kyv2vzvblhqh0000gn/T/analyze_image_3bc721d5-2a10-4c4a-b1d2-b92ba3bd0a97.jpg with error: cannot identify image file '/var/folders/px/96clcbr56vv3kyv2vzvblhqh0000gn/T/analyze_image_3bc721d5-2a10-4c4a-b1d2-b92ba3bd0a97.jpg'
Traceback (most recent call last):
  File "/Library/Frameworks/Python.framework/Versions/3.12/lib/python3.12/site-packages/mlx_vlm/utils.py", line 608, in load_image
    image = Image.open(image_source)
            ^^^^^^^^^^^^^^^^^^^^^^^^
  File "/Library/Frameworks/Python.framework/Versions/3.12/lib/python3.12/site-packages/PIL/Image.py", line 3580, in open
    raise UnidentifiedImageError(msg)
PIL.UnidentifiedImageError: cannot identify image file '/var/folders/px/96clcbr56vv3kyv2vzvblhqh0000gn/T/analyze_image_3bc721d5-2a10-4c4a-b1d2-b92ba3bd0a97.jpg'

The above exception was the direct cause of the following exception:

Traceback (most recent call last):
  File "/Users/shaydu/dev/mondrian-macos/mondrian/ai_advisor_service.py", line 867, in run_model_mlx
    image = load_image(image_path)
            ^^^^^^^^^^^^^^^^^^^^^^
  File "/Library/Frameworks/Python.framework/Versions/3.12/lib/python3.12/site-packages/mlx_vlm/utils.py", line 610, in load_image
    raise ValueError(
ValueError: Failed to load image from /var/folders/px/96clcbr56vv3kyv2vzvblhqh0000gn/T/analyze_image_3bc721d5-2a10-4c4a-b1d2-b92ba3bd0a97.jpg with error: cannot identify image file '/var/folders/px/96clcbr56vv3kyv2vzvblhqh0000gn/T/analyze_image_3bc721d5-2a10-4c4a-b1d2-b92ba3bd0a97.jpg'

[JSON PARSER] Strategy 1 failed: Expecting value: line 1 column 1 (char 0)
[JSON PARSER] Strategy 2 failed: Expecting value: line 1 column 1 (char 0)
[JSON PARSER] Attempting Strategy 2.5 (strip trailing extra braces)...
[JSON PARSER] Strategy 2.5: No trailing extra braces detected
[JSON PARSER] Attempting Strategy 4 (regex extraction of outermost JSON)...
[JSON PARSER] Strategy 4: No JSON object pattern found
[JSON PARSER] All parsing strategies failed
[JSON PARSER] Response length: 305 chars
[JSON PARSER] First 100 chars: '# ERROR: MLX inference failed: Failed to load image from /var/folders/px/96clcbr56vv3kyv2vzvblhqh000'
[JSON PARSER] Last 100 chars: "/folders/px/96clcbr56vv3kyv2vzvblhqh0000gn/T/analyze_image_3bc721d5-2a10-4c4a-b1d2-b92ba3bd0a97.jpg'"
[STRATEGY ERROR] Could not parse model response as JSON
Traceback (most recent call last):
  File "/Users/shaydu/dev/mondrian-macos/mondrian/ai_advisor_service.py", line 1371, in _analyze_image_with_strategy
    result = context.analyze(
             ^^^^^^^^^^^^^^^^
  File "/Users/shaydu/dev/mondrian-macos/mondrian/strategies/context.py", line 125, in analyze
    return self._strategy.analyze(
           ^^^^^^^^^^^^^^^^^^^^^^^
  File "/Users/shaydu/dev/mondrian-macos/mondrian/strategies/rag.py", line 129, in analyze
    raise ValueError("Could not parse model response as JSON")
ValueError: Could not parse model response as JSON
127.0.0.1 - - [14/Jan/2026 16:31:33] "[35m[1mPOST /analyze HTTP/1.1[0m" 500 -
127.0.0.1 - - [14/Jan/2026 16:31:36] "GET /health HTTP/1.1" 200 -
127.0.0.1 - - [14/Jan/2026 16:31:41] "GET /health HTTP/1.1" 200 -
